// Jest Snapshot v1, https://goo.gl/fbAQLP

exports[`renders correctly 1`] = `
<View
  style={
    Object {
      "flex": 1,
    }
  }
>
  <View
    style={
      Array [
        Object {
          "alignItems": "center",
          "borderBottomColor": "#888",
          "borderBottomWidth": 0.5,
          "flexDirection": "row",
          "height": 60,
          "paddingHorizontal": 20,
        },
        undefined,
      ]
    }
  >
    <TextInput
      allowFontScaling={true}
      autoCorrect={false}
      autoFocus={true}
      numberOfLines={1}
      onChangeText={[Function]}
      placeholder="Search artists, songs, albums"
      rejectResponderTermination={true}
      style={
        Object {
          "flex": 1,
          "fontSize": 20,
        }
      }
      underlineColorAndroid="transparent"
    />
    <View
      accessible={true}
      focusable={true}
      onClick={[Function]}
      onResponderGrant={[Function]}
      onResponderMove={[Function]}
      onResponderRelease={[Function]}
      onResponderTerminate={[Function]}
      onResponderTerminationRequest={[Function]}
      onStartShouldSetResponder={[Function]}
      style={
        Object {
          "backgroundColor": "purple",
          "borderColor": "purple",
          "borderRadius": 10,
          "borderWidth": 0.5,
          "opacity": 1,
          "padding": 10,
        }
      }
    >
      <Text
        style={
          Object {
            "color": "white",
          }
        }
      >
        Search
      </Text>
    </View>
  </View>
  <RCTScrollView
    ItemSeparatorComponent={[Function]}
    ListEmptyComponent={[Function]}
    data={null}
    disableVirtualization={false}
    getItem={[Function]}
    getItemCount={[Function]}
    horizontal={false}
    initialNumToRender={10}
    keyExtractor={[Function]}
    maxToRenderPerBatch={10}
    onContentSizeChange={[Function]}
    onEndReachedThreshold={2}
    onLayout={[Function]}
    onMomentumScrollEnd={[Function]}
    onScroll={[Function]}
    onScrollBeginDrag={[Function]}
    onScrollEndDrag={[Function]}
    removeClippedSubviews={false}
    renderItem={[Function]}
    scrollEventThrottle={50}
    stickyHeaderIndices={Array []}
    style={
      Object {
        "flex": 1,
      }
    }
    updateCellsBatchingPeriod={50}
    viewabilityConfigCallbackPairs={Array []}
    windowSize={21}
  >
    <View>
      <View
        style={
          Object {
            "alignItems": "center",
            "marginTop": 50,
          }
        }
      >
        <Text
          style={
            Object {
              "color": "#888",
              "fontSize": 20,
            }
          }
        >
          No search results
        </Text>
      </View>
    </View>
  </RCTScrollView>
</View>
`;
