// Jest Snapshot v1, https://goo.gl/fbAQLP

exports[`renders correctly 1`] = `
<View
  style={
    Array [
      Object {
        "backgroundColor": "#888",
        "flex": 1,
        "height": 0.5,
      },
      undefined,
    ]
  }
/>
`;
